// Jest Snapshot v1, https://goo.gl/fbAQLP

exports[`Categories Component should render with props items & active className 1`] = `
<div
  class="categories"
>
  <ul>
    <li
      class=""
    >
      Все
    </li>
    <li
      class=""
    >
      Мясные
    </li>
    <li
      class=""
    >
      Вегетарианская
    </li>
    <li
      class="active"
    >
      Гриль
    </li>
    <li
      class=""
    >
      Острые
    </li>
    <li
      class=""
    >
      Закрытые
    </li>
  </ul>
</div>
`;
